// Jest Snapshot v1, https://goo.gl/fbAQLP

exports[`AppComponent should render title in a h1 tag 1`] = `
<ul>
  <li>
    <h2>
      <a
        href="https://angular.io/tutorial"
        rel="noopener"
        target="_blank"
      >
        Tour of Heroes
      </a>
    </h2>
  </li>
  <li>
    <h2>
      <a
        href="https://angular.io/cli"
        rel="noopener"
        target="_blank"
      >
        CLI Documentation
      </a>
    </h2>
  </li>
  <li>
    <h2>
      <a
        href="https://blog.angular.io/"
        rel="noopener"
        target="_blank"
      >
        Angular blog
      </a>
    </h2>
  </li>
</ul>
`;
